2026-05-31T19:20:28.661+05:30  INFO 16296 --- [Irctc-backend] [main] c.s.irctc.IrctcBackendApplicationTests   : Starting IrctcBackendApplicationTests using Java 26 with PID 16296 (started by user in E:\New folder (2)\Irctc-backend)
2026-05-31T19:20:28.666+05:30  INFO 16296 --- [Irctc-backend] [main] c.s.irctc.IrctcBackendApplicationTests   : No active profile set, falling back to 1 default profile: "default"
2026-05-31T19:20:29.612+05:30  INFO 16296 --- [Irctc-backend] [main] .s.d.r.c.RepositoryConfigurationDelegate : Bootstrapping Spring Data JPA repositories in DEFAULT mode.
2026-05-31T19:20:29.764+05:30  INFO 16296 --- [Irctc-backend] [main] .s.d.r.c.RepositoryConfigurationDelegate : Finished Spring Data repository scanning in 140 ms. Found 10 JPA repository interfaces.
2026-05-31T19:20:30.619+05:30  INFO 16296 --- [Irctc-backend] [main] o.hibernate.jpa.internal.util.LogHelper  : HHH000204: Processing PersistenceUnitInfo [name: default]
2026-05-31T19:20:30.683+05:30  INFO 16296 --- [Irctc-backend] [main] org.hibernate.Version                    : HHH000412: Hibernate ORM core version 6.6.15.Final
2026-05-31T19:20:30.718+05:30  INFO 16296 --- [Irctc-backend] [main] o.h.c.internal.RegionFactoryInitiator    : HHH000026: Second-level cache disabled
2026-05-31T19:20:31.033+05:30  INFO 16296 --- [Irctc-backend] [main] o.s.o.j.p.SpringPersistenceUnitInfo      : No LoadTimeWeaver setup: ignoring JPA class transformer
2026-05-31T19:20:31.061+05:30  INFO 16296 --- [Irctc-backend] [main] com.zaxxer.hikari.HikariDataSource       : HikariPool-1 - Starting...
2026-05-31T19:20:31.415+05:30  INFO 16296 --- [Irctc-backend] [main] com.zaxxer.hikari.pool.HikariPool        : HikariPool-1 - Added connection com.mysql.cj.jdbc.ConnectionImpl@7809b43a
2026-05-31T19:20:31.416+05:30  INFO 16296 --- [Irctc-backend] [main] com.zaxxer.hikari.HikariDataSource       : HikariPool-1 - Start completed.
2026-05-31T19:20:31.494+05:30  WARN 16296 --- [Irctc-backend] [main] org.hibernate.orm.deprecation            : HHH90000025: MySQLDialect does not need to be specified explicitly using 'hibernate.dialect' (remove the property setting and it will be selected by default)
2026-05-31T19:20:31.513+05:30  INFO 16296 --- [Irctc-backend] [main] org.hibernate.orm.connections.pooling    : HHH10001005: Database info:
	Database JDBC URL [Connecting through datasource 'HikariDataSource (HikariPool-1)']
	Database driver: undefined/unknown
	Database version: 8.0.43
	Autocommit mode: undefined/unknown
	Isolation level: undefined/unknown
	Minimum pool size: undefined/unknown
	Maximum pool size: undefined/unknown
2026-05-31T19:20:32.584+05:30  INFO 16296 --- [Irctc-backend] [main] o.h.e.t.j.p.i.JtaPlatformInitiator       : HHH000489: No JTA platform available (set 'hibernate.transaction.jta.platform' to enable JTA platform integration)
2026-05-31T19:20:32.756+05:30  INFO 16296 --- [Irctc-backend] [main] j.LocalContainerEntityManagerFactoryBean : Initialized JPA EntityManagerFactory for persistence unit 'default'
2026-05-31T19:20:33.286+05:30  INFO 16296 --- [Irctc-backend] [main] r$InitializeUserDetailsManagerConfigurer : Global AuthenticationManager configured with UserDetailsService bean with name customUserDetailService
2026-05-31T19:20:33.403+05:30  INFO 16296 --- [Irctc-backend] [main] o.s.d.j.r.query.QueryEnhancerFactory     : Hibernate is in classpath; If applicable, HQL parser will be used.
2026-05-31T19:20:34.216+05:30  WARN 16296 --- [Irctc-backend] [main] JpaBaseConfiguration$JpaWebConfiguration : spring.jpa.open-in-view is enabled by default. Therefore, database queries may be performed during view rendering. Explicitly configure spring.jpa.open-in-view to disable this warning
2026-05-31T19:20:35.269+05:30  INFO 16296 --- [Irctc-backend] [main] c.s.irctc.IrctcBackendApplicationTests   : Started IrctcBackendApplicationTests in 6.953 seconds (process running for 7.86)
2026-05-31T19:20:35.754+05:30  INFO 16296 --- [Irctc-backend] [SpringApplicationShutdownHook] j.LocalContainerEntityManagerFactoryBean : Closing JPA EntityManagerFactory for persistence unit 'default'
2026-05-31T19:20:35.757+05:30  INFO 16296 --- [Irctc-backend] [SpringApplicationShutdownHook] com.zaxxer.hikari.HikariDataSource       : HikariPool-1 - Shutdown initiated...
2026-05-31T19:20:35.766+05:30  INFO 16296 --- [Irctc-backend] [SpringApplicationShutdownHook] com.zaxxer.hikari.HikariDataSource       : HikariPool-1 - Shutdown completed.
2026-05-31T19:20:45.151+05:30  INFO 18488 --- [Irctc-backend] [main] c.s.irctc.IrctcBackendApplicationTests   : Starting IrctcBackendApplicationTests using Java 26 with PID 18488 (started by user in E:\New folder (2)\Irctc-backend)
2026-05-31T19:20:45.153+05:30  INFO 18488 --- [Irctc-backend] [main] c.s.irctc.IrctcBackendApplicationTests   : No active profile set, falling back to 1 default profile: "default"
2026-05-31T19:20:46.110+05:30  INFO 18488 --- [Irctc-backend] [main] .s.d.r.c.RepositoryConfigurationDelegate : Bootstrapping Spring Data JPA repositories in DEFAULT mode.
2026-05-31T19:20:46.245+05:30  INFO 18488 --- [Irctc-backend] [main] .s.d.r.c.RepositoryConfigurationDelegate : Finished Spring Data repository scanning in 121 ms. Found 10 JPA repository interfaces.
2026-05-31T19:20:47.140+05:30  INFO 18488 --- [Irctc-backend] [main] o.hibernate.jpa.internal.util.LogHelper  : HHH000204: Processing PersistenceUnitInfo [name: default]
2026-05-31T19:20:47.195+05:30  INFO 18488 --- [Irctc-backend] [main] org.hibernate.Version                    : HHH000412: Hibernate ORM core version 6.6.15.Final
2026-05-31T19:20:47.226+05:30  INFO 18488 --- [Irctc-backend] [main] o.h.c.internal.RegionFactoryInitiator    : HHH000026: Second-level cache disabled
2026-05-31T19:20:47.513+05:30  INFO 18488 --- [Irctc-backend] [main] o.s.o.j.p.SpringPersistenceUnitInfo      : No LoadTimeWeaver setup: ignoring JPA class transformer
2026-05-31T19:20:47.540+05:30  INFO 18488 --- [Irctc-backend] [main] com.zaxxer.hikari.HikariDataSource       : HikariPool-1 - Starting...
2026-05-31T19:20:47.832+05:30  INFO 18488 --- [Irctc-backend] [main] com.zaxxer.hikari.pool.HikariPool        : HikariPool-1 - Added connection com.mysql.cj.jdbc.ConnectionImpl@62b42406
2026-05-31T19:20:47.833+05:30  INFO 18488 --- [Irctc-backend] [main] com.zaxxer.hikari.HikariDataSource       : HikariPool-1 - Start completed.
2026-05-31T19:20:47.878+05:30  WARN 18488 --- [Irctc-backend] [main] org.hibernate.orm.deprecation            : HHH90000025: MySQLDialect does not need to be specified explicitly using 'hibernate.dialect' (remove the property setting and it will be selected by default)
2026-05-31T19:20:47.894+05:30  INFO 18488 --- [Irctc-backend] [main] org.hibernate.orm.connections.pooling    : HHH10001005: Database info:
	Database JDBC URL [Connecting through datasource 'HikariDataSource (HikariPool-1)']
	Database driver: undefined/unknown
	Database version: 8.0.43
	Autocommit mode: undefined/unknown
	Isolation level: undefined/unknown
	Minimum pool size: undefined/unknown
	Maximum pool size: undefined/unknown
2026-05-31T19:20:48.937+05:30  INFO 18488 --- [Irctc-backend] [main] o.h.e.t.j.p.i.JtaPlatformInitiator       : HHH000489: No JTA platform available (set 'hibernate.transaction.jta.platform' to enable JTA platform integration)
2026-05-31T19:20:49.061+05:30  INFO 18488 --- [Irctc-backend] [main] j.LocalContainerEntityManagerFactoryBean : Initialized JPA EntityManagerFactory for persistence unit 'default'
2026-05-31T19:20:49.509+05:30  INFO 18488 --- [Irctc-backend] [main] r$InitializeUserDetailsManagerConfigurer : Global AuthenticationManager configured with UserDetailsService bean with name customUserDetailService
2026-05-31T19:20:49.594+05:30  INFO 18488 --- [Irctc-backend] [main] o.s.d.j.r.query.QueryEnhancerFactory     : Hibernate is in classpath; If applicable, HQL parser will be used.
2026-05-31T19:20:50.264+05:30  WARN 18488 --- [Irctc-backend] [main] JpaBaseConfiguration$JpaWebConfiguration : spring.jpa.open-in-view is enabled by default. Therefore, database queries may be performed during view rendering. Explicitly configure spring.jpa.open-in-view to disable this warning
2026-05-31T19:20:51.134+05:30  INFO 18488 --- [Irctc-backend] [main] c.s.irctc.IrctcBackendApplicationTests   : Started IrctcBackendApplicationTests in 6.29 seconds (process running for 7.175)
2026-05-31T19:20:51.632+05:30  INFO 18488 --- [Irctc-backend] [SpringApplicationShutdownHook] j.LocalContainerEntityManagerFactoryBean : Closing JPA EntityManagerFactory for persistence unit 'default'
2026-05-31T19:20:51.636+05:30  INFO 18488 --- [Irctc-backend] [SpringApplicationShutdownHook] com.zaxxer.hikari.HikariDataSource       : HikariPool-1 - Shutdown initiated...
2026-05-31T19:20:51.648+05:30  INFO 18488 --- [Irctc-backend] [SpringApplicationShutdownHook] com.zaxxer.hikari.HikariDataSource       : HikariPool-1 - Shutdown completed.
